// Jest Snapshot v1, https://goo.gl/fbAQLP

exports[`<IntlForm /> should render without crashing 1`] = `
<Form
  asyncValidateOnChange={false}
  asyncValidationWait={400}
  defaultValues={Object {}}
  disabled={false}
  formatString={[Function]}
  intl={
    Object {
      "defaultFormats": null,
      "defaultLocale": "en",
      "formatDate": [MockFunction],
      "formatHTMLMessage": [MockFunction],
      "formatMessage": [MockFunction],
      "formatNumber": [MockFunction],
      "formatPlural": [MockFunction],
      "formatRelative": [MockFunction],
      "formatTime": [MockFunction],
      "formats": null,
      "locale": "en",
      "messages": Object {},
      "now": [MockFunction],
      "onError": [MockFunction],
    }
  }
  plaintext={false}
/>
`;
